
> ugcscriptwriter@0.1.0 build
> next build

   Ôû▓ Next.js 15.1.0
   - Environments: .env.local

   Creating an optimized production build ...
node.exe : <w> 
[webpack.cache.PackFileCacheStrategy] 
Skipped not serializable cache item 'Com
pilation/modules|C:\Users\azuz\Desktop\u
gcScriptWriter\ugcscriptwriter\node_modu
les\next\dist\build\webpack\loaders\css-
loader\src\index.js??ruleSet[1].rules[13
].oneOf[10].use[2]!C:\Users\azuz\Desktop
\ugcScriptWriter\ugcscriptwriter\node_mo
dules\next\dist\build\webpack\loaders\po
stcss-loader\src\index.js??ruleSet[1].ru
les[13].oneOf[10].use[3]!C:\Users\azuz\D
esktop\ugcScriptWriter\ugcscriptwriter\a
pp\globals.css': No serializer 
registered for PostCSSSyntaxError
At C:\Program Files\nodejs\npm.ps1:29 
char:3
+   & $NODE_EXE $NPM_CLI_JS $args
+   ~~~~~~~~~~~~~~~~~~~~~~~~~~~~~
    + CategoryInfo          : Not    
Specified: (<w> [webpack.ca..    
.tCSSSyntaxError:String) [],     
RemoteException
    + FullyQualifiedErrorId : Nat    
iveCommandError
 
<w> while serializing webpack/lib/cache/
PackFileCacheStrategy.PackContentItems 
-> webpack/lib/NormalModule -> 
webpack/lib/ModuleBuildError -> 
PostCSSSyntaxError
Failed to compile.

./app/globals.css:1:1
Syntax error: C:\Users\azuz\Desktop\ugcS
criptWriter\ugcscriptwriter\app\globals.
css The `outline-ring/50` class does 
not exist. If `outline-ring/50` is a 
custom class, make sure it is defined 
within a `@layer` directive.

[1m[31m>[39m[22m[90m 1 | 
[39m[36m@tailwind[39m base[33m;[39m
 [90m   | [39m[1m[31m^[39m[22m
 [90m 2 | [39m[36m@tailwind[39m 
components[33m;[39m
 [90m 3 | [39m[36m@tailwind[39m 
utilities[33m;[39m

./app/globals.css
Syntax error: C:\Users\azuz\Desktop\ugcS
criptWriter\ugcscriptwriter\app\globals.
css The `outline-ring/50` class does 
not exist. If `outline-ring/50` is a 
custom class, make sure it is defined 
within a `@layer` directive. (1:1)

[1m[31m>[39m[22m[90m 1 | 
[39m[36m@tailwind[39m base[33m;[39m
 [90m   | [39m[1m[31m^[39m[22m
 [90m 2 | [39m[36m@tailwind[39m 
components[33m;[39m
 [90m 3 | [39m[36m@tailwind[39m 
utilities[33m;[39m

    at tryRunOrWebpackError (C:\Users\az
uz\Desktop\ugcScriptWriter\ugcscriptwrit
er\node_modules\next\dist\compiled\webpa
ck\bundle5.js:28:314962)
    at __webpack_require_module__ (C:\Us
ers\azuz\Desktop\ugcScriptWriter\ugcscri
ptwriter\node_modules\next\dist\compiled
\webpack\bundle5.js:28:131434)
    at 
__nested_webpack_require_161179__ (C:\Us
ers\azuz\Desktop\ugcScriptWriter\ugcscri
ptwriter\node_modules\next\dist\compiled
\webpack\bundle5.js:28:130872)
    at C:\Users\azuz\Desktop\ugcScriptWr
iter\ugcscriptwriter\node_modules\next\d
ist\compiled\webpack\bundle5.js:28:13172
3
    at symbolIterator (C:\Users\azuz\Des
ktop\ugcScriptWriter\ugcscriptwriter\nod
e_modules\next\dist\compiled\neo-async\a
sync.js:1:14444)
    at done (C:\Users\azuz\Desktop\ugcSc
riptWriter\ugcscriptwriter\node_modules\
next\dist\compiled\neo-async\async.js:1:
14824)
    at Hook.eval [as callAsync] (eval 
at create (C:\Users\azuz\Desktop\ugcScri
ptWriter\ugcscriptwriter\node_modules\ne
xt\dist\compiled\webpack\bundle5.js:13:9
218), <anonymous>:15:1)
    at Hook.CALL_ASYNC_DELEGATE [as 
_callAsync] (C:\Users\azuz\Desktop\ugcSc
riptWriter\ugcscriptwriter\node_modules\
next\dist\compiled\webpack\bundle5.js:13
:6372)
    at C:\Users\azuz\Desktop\ugcScriptWr
iter\ugcscriptwriter\node_modules\next\d
ist\compiled\webpack\bundle5.js:28:13059
3
    at symbolIterator (C:\Users\azuz\Des
ktop\ugcScriptWriter\ugcscriptwriter\nod
e_modules\next\dist\compiled\neo-async\a
sync.js:1:14402)
-- inner error --
Syntax error: C:\Users\azuz\Desktop\ugcS
criptWriter\ugcscriptwriter\app\globals.
css The `outline-ring/50` class does 
not exist. If `outline-ring/50` is a 
custom class, make sure it is defined 
within a `@layer` directive. (1:1)

[1m[31m>[39m[22m[90m 1 | 
[39m[36m@tailwind[39m base[33m;[39m
 [90m   | [39m[1m[31m^[39m[22m
 [90m 2 | [39m[36m@tailwind[39m 
components[33m;[39m
 [90m 3 | [39m[36m@tailwind[39m 
utilities[33m;[39m

    at Object.<anonymous> (C:\Users\azuz
\Desktop\ugcScriptWriter\ugcscriptwriter
\node_modules\next\dist\build\webpack\lo
aders\css-loader\src\index.js??ruleSet[1
].rules[13].oneOf[10].use[2]!C:\Users\az
uz\Desktop\ugcScriptWriter\ugcscriptwrit
er\node_modules\next\dist\build\webpack\
loaders\postcss-loader\src\index.js??rul
eSet[1].rules[13].oneOf[10].use[3]!C:\Us
ers\azuz\Desktop\ugcScriptWriter\ugcscri
ptwriter\app\globals.css:1:7)
    at C:\Users\azuz\Desktop\ugcScriptWr
iter\ugcscriptwriter\node_modules\next\d
ist\compiled\webpack\bundle5.js:28:95554
8
    at Hook.eval [as call] (eval at 
create (C:\Users\azuz\Desktop\ugcScriptW
riter\ugcscriptwriter\node_modules\next\
dist\compiled\webpack\bundle5.js:13:8996
), <anonymous>:7:1)
    at Hook.CALL_DELEGATE [as _call] (C:
\Users\azuz\Desktop\ugcScriptWriter\ugcs
criptwriter\node_modules\next\dist\compi
led\webpack\bundle5.js:13:6266)
    at C:\Users\azuz\Desktop\ugcScriptWr
iter\ugcscriptwriter\node_modules\next\d
ist\compiled\webpack\bundle5.js:28:13146
7
    at tryRunOrWebpackError (C:\Users\az
uz\Desktop\ugcScriptWriter\ugcscriptwrit
er\node_modules\next\dist\compiled\webpa
ck\bundle5.js:28:314916)
    at __webpack_require_module__ (C:\Us
ers\azuz\Desktop\ugcScriptWriter\ugcscri
ptwriter\node_modules\next\dist\compiled
\webpack\bundle5.js:28:131434)
    at 
__nested_webpack_require_161179__ (C:\Us
ers\azuz\Desktop\ugcScriptWriter\ugcscri
ptwriter\node_modules\next\dist\compiled
\webpack\bundle5.js:28:130872)
    at C:\Users\azuz\Desktop\ugcScriptWr
iter\ugcscriptwriter\node_modules\next\d
ist\compiled\webpack\bundle5.js:28:13172
3
    at symbolIterator (C:\Users\azuz\Des
ktop\ugcScriptWriter\ugcscriptwriter\nod
e_modules\next\dist\compiled\neo-async\a
sync.js:1:14444)

Generated code for C:\Users\azuz\Desktop
\ugcScriptWriter\ugcscriptwriter\node_mo
dules\next\dist\build\webpack\loaders\cs
s-loader\src\index.js??ruleSet[1].rules[
13].oneOf[10].use[2]!C:\Users\azuz\Deskt
op\ugcScriptWriter\ugcscriptwriter\node_
modules\next\dist\build\webpack\loaders\
postcss-loader\src\index.js??ruleSet[1].
rules[13].oneOf[10].use[3]!C:\Users\azuz
\Desktop\ugcScriptWriter\ugcscriptwriter
\app\globals.css

Import trace for requested module:
./app/globals.css


> Build failed because of webpack errors
